6 1 2 1 w 1 1 1 1 1 1 1 1 1 1 1 1 1 1 1 1 1 1 1 1 1 1 1 1 1 1 1 1 1 1 1 1 1 1 1 1 1 1 1 1 1 1 1 1 1 1 1 1 1 1 q 6 1 2 1
1 1 1 1 u 1 1 1 1 1 1 1 1 1 1 1 1 1 1 1 1 1 1 1 1 1 1 1 1 1 1 1 1 1 1 1 1 1 1 1 1 1 1 1 1 1 1 1 1 1 1 1 1 1 1 r 1 1 1 1
e 1 a 1 v 1 1 1 1 1 1 1 1 1 1 1 1 1 1 1 1 1 1 1 1 1 1 1 1 1 1 1 1 1 1 1 1 1 1 1 1 1 1 1 1 1 1 1 1 1 1 1 1 1 1 p e 1 a 1
1 1 1 1 w 1 1 1 1 1 1 1 1 1 1 1 1 1 1 1 1 1 1 1 1 1 1 1 1 1 1 1 1 1 1 1 1 1 1 1 1 1 1 1 1 1 1 1 1 1 1 1 1 1 1 q 1 1 1 1
6 1 2 1 u 1 1 1 1 1 1 1 1 1 1 1 1 1 1 1 1 1 1 1 1 1 1 1 1 1 1 1 1 1 1 1 1 1 1 1 1 1 1 1 1 1 1 1 1 1 1 1 1 1 1 r 2 1 6 1
1 1 1 1 v 1 1 1 1 1 1 1 1 1 1 1 1 1 1 1 1 1 1 1 1 1 1 1 1 1 1 1 1 1 1 1 1 1 1 1 1 1 1 1 1 1 1 1 1 1 1 1 1 1 1 p 1 1 1 1
e 1 a 1 w D 1 1 1 1 1 1 1 1 1 1 1 1 1 1 1 1 1 1 1 1 1 1 1 1 1 1 1 1 1 1 1 1 1 1 1 1 1 1 1 1 1 1 1 1 1 1 1 1 1 q a 1 e 1
1 1 1 1 @ F E 1 1 1 1 1 1 1 1 1 1 1 1 1 1 1 1 1 1 1 1 1 1 1 1 1 1 1 1 1 1 1 1 1 1 1 1 1 1 1 1 1 1 1 1 1 1 1 1 r 1 1 1 1
6 1 2 1 v I F D 1 1 1 1 1 1 1 1 1 1 1 1 1 1 1 1 1 1 1 1 1 1 1 1 1 1 1 1 1 1 1 1 1 1 1 1 1 1 1 1 1 1 1 1 1 1 1 s l M N L
1 1 1 1 w I I F E 1 1 1 1 1 1 1 1 1 1 1 1 1 1 1 1 1 1 1 1 1 1 1 1 1 1 1 1 1 1 1 1 1 1 1 1 1 1 1 1 1 1 1 1 1 1 1 1 V W I
e 1 a 1 @ I I I F D 1 1 1 1 1 1 1 1 1 1 1 1 1 1 1 1 1 1 1 1 1 1 1 1 1 1 1 1 1 1 1 1 1 1 1 1 1 1 1 1 1 1 1 1 1 1 1 B C I
1 1 1 1 v I J I I F E 1 1 A D 1 1 1 1 1 1 1 1 1 1 1 1 1 1 1 1 o i k t 1 1 1 1 1 1 1 1 1 1 1 1 1 1 1 1 1 1 1 1 1 A C I J
6 1 2 1 w I I I I I F D B C F E 1 1 1 1 1 1 1 1 1 1 1 1 1 1 1 p 2 1 u 1 1 1 1 1 1 1 1 1 1 1 1 1 1 1 1 1 1 1 1 B C I I I
1 1 1 1 @ I I I I I I F C I I F D 1 1 1 1 1 1 1 1 1 1 1 1 1 1 q 1 1 v 1 1 1 1 1 1 1 1 1 1 1 1 1 1 1 1 1 1 1 A C I I J I
e 1 a 1 v I I I I I I I I I I I F E 1 1 1 1 1 1 1 1 1 1 1 1 1 p a 1 w 1 1 1 1 1 1 1 1 1 1 1 1 1 1 1 1 1 1 B C I I I I I
1 1 1 1 w I I I I I I I I I I I I F D 1 1 1 1 1 1 1 1 1 1 1 1 r 1 1 u 1 1 1 1 1 1 1 1 1 1 1 1 1 1 o i j k i j k i j k i
6 1 2 1 @ I I I I I I I I I J I I I F E 1 o i k t 1 1 1 1 1 1 p 6 1 v 1 1 1 1 1 1 1 1 1 1 1 1 1 1 > 6 1 a 1 e 1 6 1 2 1
1 1 1 1 v I I I I J I I I I I I I I I F D P a 1 u 1 1 1 1 1 1 q 1 1 w z z z z z z z z z z z z z z r 1 1 1 1 1 1 1 1 1 1
e 1 a 1 w I I I I I I I I I I I I I I I F r 1 1 w 1 1 1 1 1 B r e 1 < z z z z z z z z z z z z z z > a 1 2 1 6 1 e 1 a 1
1 1 1 1 @ I I I I I I I I I I I I I I I I S M N ! 1 1 1 1 A C P 1 1 v . . . . . . . . . . . . . . q 1 1 1 1 1 1 1 1 1 1
6 1 2 1 v I I I I I I I I I I I I I I I I I I I F E 1 1 B C I q a 1 2 1 e 1 a 1 6 1 2 1 e 1 a 1 6 1 2 1 e 1 a 1 6 1 2 1
1 1 1 1 w j k i j k T I I I I I I I I I I I I I I F D A C I I r 1 1 1 1 1 1 1 1 1 1 1 1 1 1 1 1 1 1 1 1 1 1 1 1 1 1 1 1
e 1 a 1 6 1 e 1 2 1 @ I I I I I I I I I I I J I I I F C I I I S M N L M N L M N L M N L M N L M N L M N ] r 2 1 e 1 a 1
1 1 1 1 1 1 1 1 1 1 w I I I I I I I I I I I I I I I I I I I I I I I I I I I I I I I I I I I I I I I I I I P 1 1 1 1 1 1
6 1 2 1 w [ L M N L ! I I J I I I I I I I I I I I I I I I I I I I I I I I I J I I I I I I I I I I I I I I q a 1 6 1 2 1
1 1 1 1 @ I I I I I I I I I I I I I I I I I I I I I I I I I I I I I I I I I I I I I I I I I I I I I I I I r 1 1 1 1 1 1
e 1 a 1 v I I I I I I I I I I I O i k T I I I I I I I I I I I J I I I I I I I I I I I I I I I I I I I I I P 2 1 e 1 a 1
1 1 1 1 w I I J I I I I I I I I P e 1 @ I I I I I I I I I I I I I I I I I I I I I I I I I I I I I I I I I q 1 1 1 1 1 1
6 1 2 1 @ I I I I I I I I I I I r 1 1 w I I I I I I I I I I I I I I I I I I I I I I I I I I I I I I I I I r a 1 6 1 2 1
1 1 1 1 v I I I I I I I I I I I S M N ! I I I J I I O i k T I I I I I I I I I I I I I I I I I I I I I I I P 1 1 1 1 1 1
e 1 a 1 w I I I I I I I I I I I I I I I I I I I I I P 2 1 @ I I I I I I I I I I I I I I I I I I I I I I I q 2 1 e 1 a 1
1 1 1 1 @ I I I I I I I I I I I I I I I I I I I I I r 1 1 w I I I I I I I I I I I I I I I I J I I I I I I r 1 1 1 1 1 1
6 1 2 1 v I I I I I I I I I I I I I I I I I I I I I S M N ! I I I I I I I I I O i k T I I I I I I I I I I P a 1 6 1 2 1
1 1 1 1 w I I I I I J I I I I I I I I I I I I I I I I I I I I I I I I I I I I P 6 1 @ I I I I I I I J I I q 1 1 1 1 1 1
e 1 a 1 @ I I I I I I I I I I I I I J I I I I I I I I I I I I I I J I I I I I r 1 1 w I I I I I I I I I I r 2 1 e 1 a 1
1 1 1 1 v I I I I I I I I I I I I I I I I I I I I I I I I I I I I I I I I I I S M N ! I I I I I I I I I I P 1 1 1 1 1 1
6 1 2 1 w I I I I I I I I I I I I I I I I I I I I I I I I I I I I I I I I I I I I I I I I I I I I I I I I q a 1 6 1 2 1
1 1 1 1 @ I I I I I I I I I I I I I I I I I I I I I I I I I I I I I I I I I I I I I I I I I I I I O i j k r 1 1 1 1 1 1
e 1 a 1 v I I I I I I I I I I I I I I I I I I I I I I I I I I I I I I I I I I I I I I I I J I I I P a 1 6 1 2 1 e 1 a 1
1 1 1 1 w I I I I I I I I I I I I I I I I I I I I I I I I I I I I I I I I I I I I I I I I I I I I q 1 1 1 1 1 1 1 1 1 1
6 1 2 1 @ I I I I I I I I I I I I I I I I I I I J I I I I I I I I I I I I I I I I I I I I I I I I P 2 1 e 1 a 1 6 1 2 1
1 1 1 1 v I I I I I I I I I I I I I I I I I I I I I I I I I I I I I I I I I I I I I I O i j k i j r 1 1 1 1 1 1 1 1 1 1
e 1 a 1 w I I I I I I I I I I I I I I I I I I I I I I I I I I I I I J I I I I I I I I P 6 1 2 1 e 1 a 1 6 1 2 1 e 1 a 1
1 1 1 1 @ I I I I I I I I I I I I I I I I I I I I I I I I I I I I I I I I I I I I I I q 1 1 1 1 1 1 1 1 1 1 1 1 1 1 1 1
6 1 2 1 v I I I I I I I I I I I J I I I I I I I I I I I I I I I I I I I I I I I I I I P e 1 a 1 6 1 2 1 e 1 a 1 6 1 2 1
1 1 1 1 w I I I I I I I I I I I I I I I I I I I I O i j k i j k i j k i j k i j k i j r 1 1 1 1 1 1 1 1 1 1 1 1 1 1 1 1
e 1 a 1 @ I J I I I I I I I I I I I I I I I I I I P a 1 6 1 2 1 e 1 a 1 6 1 2 1 e 1 a 1 6 1 2 1 e 1 a 1 6 1 2 1 e 1 a 1
1 1 1 1 v I I I I I I I I I I I I I I I I I I I I r 1 1 1 1 1 1 1 1 1 1 1 1 1 1 1 1 1 1 1 1 1 1 1 1 1 1 1 1 1 1 1 1 1 1
6 1 2 1 w I I I I I I I I I I I I I I I I I I I I P 2 1 e 1 a 1 6 1 2 1 e 1 a 1 6 1 2 1 e 1 a 1 6 1 2 1 e 1 a 1 6 1 2 1
1 1 1 1 @ I I I I I I I I I I I I I I I I O i j k q 1 1 1 1 1 1 1 1 1 1 1 1 1 1 1 1 1 1 1 1 1 1 1 1 1 1 1 1 1 1 1 1 1 1
e 1 a 1 v I I I I I I I I I I I I I I I I P 2 1 e 1 a 1 6 1 2 1 e 1 a 1 6 1 2 1 e 1 a 1 6 1 2 1 e 1 a 1 6 1 2 1 e 1 a 1
1 1 1 1 w I I I I I I I I I I I I J I I I r 1 1 1 1 1 1 1 1 1 1 1 1 1 1 1 1 1 1 1 1 1 1 1 1 1 1 1 1 1 1 1 1 1 1 1 1 1 1
6 1 2 1 @ I I I I I I I I I I I I I I I I S M N ] q 2 1 e 1 a 1 6 1 2 1 e 1 a 1 6 1 2 1 e 1 a 1 6 1 2 1 e 1 a 1 6 1 2 1
1 1 1 1 v j k i j k T I I I I I I I I I I I I I I r 1 1 1 1 1 1 1 1 1 1 1 1 1 1 1 1 1 1 1 1 1 1 1 1 1 1 1 1 1 1 1 1 1 1
e 1 a 1 6 1 2 1 e 1 @ I I I I I I I I I I I I I I S M N L M N L M N L M N L M N L M N L M N ] q e 1 a 1 6 1 2 1 e 1 a 1
1 1 1 1 1 1 1 1 1 1 v I J I I I I I I I I I I I I I I I I I I I I I I I I I I I I I I I I I I P 1 1 1 1 1 1 1 1 1 1 1 1
6 1 2 1 e 1 a 1 6 1 @ I I I I I I I I I I I I I I I I I I I I I I I I I J I I I I I I I I I I r 6 1 2 1 e 1 a 1 6 1 2 1
1 1 1 1 1 1 1 1 1 k w j k i j k T I I I J I I I I I I I I I I I I I I I I I I I I I I I I I I P 1 1 1 1 1 1 1 1 1 1 1 1
e 1 a 1 6 1 2 1 e 1 a 1 6 1 2 1 @ I I I I I I I I I I I I I I I I I I I I I I I I I I J I I I q e 1 a 1 6 1 2 1 e 1 a 1
1 1 1 1 1 1 1 1 1 1 1 1 1 1 1 1 v I I I I I I I I I I I I I I I I I I I I I I I I I I I I I I r 1 1 1 1 1 1 1 1 1 1 1 1
6 1 2 1 e 1 a 1 6 1 2 1 e 1 a 1 @ I I I I I I I I I I I I J I I I I I I I I I I I I I I I I I P 6 1 2 1 e 1 a 1 6 1 2 1
1 1 1 1 1 1 1 1 1 1 1 1 1 1 1 1 w k i j k i j k T I I I I I I I I I I I I I I I I I I I I I I q 1 1 1 1 1 1 1 1 1 1 1 1
e 1 a 1 6 1 2 1 e 1 a 1 6 1 2 1 a 1 e 1 2 1 6 1 @ I I I I I I I I I I I I J I I I I I I I I I r e 1 a 1 6 1 2 1 e 1 a 1
1 1 1 1 1 1 1 1 1 1 1 1 1 1 1 1 1 1 1 1 1 1 1 1 v I I I I I I I I I I I I I I I I I I I I I I P 1 1 1 1 1 1 1 1 1 1 1 1
6 1 2 1 e 1 a 1 6 1 2 1 e 1 a 1 6 1 2 1 e 1 a 1 @ I I I I I I I I I I I I I I I I I I I I I I q 6 1 2 1 e 1 a 1 6 1 2 1
1 1 1 1 1 1 1 1 1 1 1 1 1 1 1 1 1 1 1 1 1 1 1 1 w I I I I I I I I I I I I I I I I I I I I I I r 1 1 1 1 1 1 1 1 1 1 1 1
L M N L M N L M N L M N L M N L M N L M N L M N ! I I I I I I O i k T I I I I I I I I I I I I P e 1 a 1 6 1 2 1 e 1 a 1
I I I I I I I I I I I I I I I I I I I I I I I I I I I I I I I P a 1 @ I I I I I I I I I I I I q 1 1 1 1 1 1 1 1 1 1 1 1
I I I I I I I I I I I I I I I I I I I I I I I I I J I I I I I r 1 1 w I I I I I I I J I I I I r 6 1 2 1 e 1 a 1 6 1 2 1
I I I I I J I I I I I I I I I I I I I I I I I I I I I I I I I S M N ! I I I I I I I I I I I I P 1 1 1 1 1 1 1 1 1 1 1 1
I I I I I I I I I I I I I I I J I I I I I I I I I I I I I I I I I I I I I I I I I I I I I I I q e 1 a 1 6 1 2 1 e 1 a 1
I I I I I I I I I I I I I I I I I I I I I I I I I I I I I I I I I I I I I I I I I o i j k i j r 1 1 1 1 1 1 1 1 1 1 1 1
I I I I I I I I I I I I I I I I I I I I I I I I I I I I I I I J I I I I I I I I I p 2 1 e 1 a 1 6 1 2 1 e 1 a 1 6 1 2 1
I J I I I I I I I I I I I J I I I I I I I I I J I I I I I I I I I I I I I I I I I q 1 1 1 1 1 1 1 1 1 1 1 1 1 1 1 1 1 1
I I I I I I I I I I I I I I I I I I I I I I I I I I I I I I I I I I I I I I I I I p a 1 6 1 2 1 e 1 a 1 6 1 2 1 e 1 a 1
i j k i j k i j k i j k i j k i j k i j k i j k i j k i j k i j k i j k i j k i j r 1 1 1 1 1 1 1 1 1 1 1 1 1 1 1 1 1 1
6 1 2 1 e 1 a 1 6 1 2 1 e 1 a 1 6 1 2 1 e 1 a 1 6 1 2 1 e 1 a 1 6 1 2 1 e 1 a 1 6 1 2 1 e 1 a 1 6 1 2 1 e 1 a 1 6 1 2 1
1 1 1 1 1 1 1 1 1 1 1 1 1 1 1 1 1 1 1 1 1 1 1 1 1 1 1 1 1 1 1 1 1 1 1 1 1 1 1 1 1 1 1 1 1 1 1 1 1 1 1 1 1 1 1 1 1 1 1 1
e 1 a 1 6 1 2 1 e 1 a 1 6 1 2 1 e 1 a 1 6 1 2 1 e 1 a 1 6 1 2 1 e 1 a 1 6 1 2 1 e 1 a 1 6 1 2 1 e 1 a 1 6 1 2 1 e 1 a 1
1 1 1 1 1 1 1 1 1 1 1 1 1 1 1 1 1 1 1 1 1 1 1 1 1 1 1 1 1 1 1 1 1 1 1 1 1 1 1 1 1 1 1 1 1 1 1 1 1 1 1 1 1 1 1 1 1 1 1 1