a b 2 3 e f 2 3 e f a b 6 7 2 3 a b e f 6 7 2 3 e f a b a b 6 7 e f 2 3 a b 6 7 e f 1 1 1 1 1 1
c d 4 5 g h 4 5 g h c d 8 9 4 5 c d g h 8 9 4 5 g h c d c d 8 9 g h 4 5 c d 8 9 g h 1 1 1 1 1 1
e f 6 7 a b a b e f 2 3 a b 2 3 e f a b 6 7 a b 6 7 e f 6 7 e f 2 3 e f a b 6 7 2 3 1 1 1 1 1 1
g h 8 9 c d c d g h 4 5 c d 4 5 g h c d 8 9 c d 8 9 g h 8 9 g h 4 5 g h c d 8 9 4 5 1 1 1 1 1 1
N L M N L M N L M N L M N L M N L M N L M N L M N L [ q a b a b 2 3 e f a b 6 7 a b 1 1 1 1 1 1
1 1 1 1 1 V W I I I I I I I I I I I I I I I I I I I I r c d c d 4 5 g h c d 8 9 c d 1 1 1 1 1 1
1 1 1 1 1 1 U W I I I I I I I I I I I I I I I I I I I P 2 3 2 3 a b 6 7 e f a b 6 7 1 1 1 1 1 1
1 1 1 1 1 1 1 V W I I I J I I I I I I I I I I I I I I q 4 5 4 5 c d 8 9 g h c d 8 9 1 1 1 1 1 1
1 1 1 1 1 1 1 1 U W I I I I I I I I I I I I I I I I I r 6 7 e f 2 3 e f a b 6 7 2 3 1 1 1 1 1 1
1 1 1 1 1 1 1 1 1 V W I I I I I I I I I I I I I I I I P 8 9 g h 4 5 g h c d 8 9 4 5 1 1 1 1 1 1
1 1 1 1 1 1 1 1 1 1 U W I I J I I I I I I I I I I I I q e f a b 2 3 e f a b 6 7 a b 1 1 1 1 1 1
1 1 1 1 1 1 1 1 1 1 1 V W I I I I I I I I I I I I I I r g h c d 4 5 g h c d 8 9 c d 1 1 1 1 1 1
1 1 1 1 1 1 1 1 1 1 1 1 U W I I I I I J I I I I I I I P 6 7 e f 2 3 e f a b 6 7 2 3 1 1 1 1 1 1
1 1 1 1 1 1 1 1 1 1 1 1 A W I I I I I I I I I I I I I q 8 9 g h 4 5 g h c d 8 9 4 5 1 1 1 1 1 1
1 1 1 1 1 1 1 1 1 1 1 B W I I I I I I I I I I I I I I r a b 6 7 e f 2 3 a b 6 7 e f 1 1 1 1 1 1
1 1 1 1 1 1 1 1 1 1 A W I I I J I I I I I I I I I I I P c d 8 9 g h 4 5 c d 8 9 g h 1 1 1 1 1 1
1 1 1 1 1 1 1 1 1 B W I I I I I I I I I I I I I I I I q e f a b 2 3 e f a b 6 7 a b 1 1 1 1 1 1
k i j k i j k i j k i j k i j k j k T I I I I I I I I r g h c d 4 5 g h c d 8 9 c d c 1 1 1 1 1
6 7 e f 2 3 a b 6 7 e f a b 6 7 e f @ I I I I I I I I P a b e f 2 3 e f a b 6 7 2 3 1 1 1 1 1 1
8 9 g h 4 5 c d 8 9 g h c d 8 9 g h v I I I I I I I I q c d g h 4 5 g h c d 8 9 4 5 1 1 1 1 1 1
a b 6 7 e f 2 3 a b 6 7 e f 2 3 a b w I I I I I I I I r e f 2 3 a b 6 7 e f a b 6 7 1 1 1 1 1 1
c d 8 9 g h 4 5 c d 8 9 g h 4 5 c d @ I I I I I I I I P g h 4 5 c d 8 9 g h c d 8 9 1 1 1 1 1 1
2 3 a b 6 7 e f 2 3 a b 6 7 a b 2 3 v I I I I I I I I q a b a b 2 3 e f a b 6 7 a b 1 1 1 1 1 1
4 5 c d 8 9 g h 4 5 c d 8 9 c d 4 5 w I I I I I I I I r c d c d 4 5 g h c d 8 9 c d 1 1 1 1 1 1
6 7 e f 2 3 a b 6 7 e f a b 6 7 e f @ I I I I I I I I P a b 2 3 a b 6 7 e f a b 6 7 1 1 1 1 1 1
8 9 g h 4 5 c d 8 9 g h c d 8 9 g h v I I I I I I I I q c d 4 5 c d 8 9 g h c d 8 9 1 1 1 1 1 1
a b 6 7 e f 2 3 a b 6 7 e f 2 3 a b w I I I I I I I I r e f e f 2 3 e f a b 6 7 2 3 1 1 1 1 1 1
c d 8 9 g h 4 5 c d 8 9 g h 4 5 c d @ I I I I I I I I P g h g h 4 5 g h c d 8 9 4 5 1 1 1 1 1 1
2 3 a b 6 7 e f 2 3 a b 6 7 a b 2 3 v I I I I I I I I q a b 6 7 e f 2 3 a b 6 7 e f 1 1 1 1 1 1
4 5 c d 8 9 g h 4 5 c d 8 9 c d 4 5 w I I I I I I I I r c d 8 9 g h 4 5 c d 8 9 g h 1 1 1 1 1 1
6 7 e f 2 3 a b 6 7 e f a b 6 7 e f @ I I I I I I I I P a b 2 3 a b 6 7 e f a b 6 7 1 1 1 1 1 1
8 9 g h 4 5 c d 8 9 g h c d 8 9 g h v I I I I I I I I q c d 4 5 c d 8 9 g h c d 8 9 1 1 1 1 1 1
a b 6 7 e f 2 3 a b 6 7 e f 2 3 a b w I I I I I I I I r e f a b 2 3 e f a b 6 7 a b e f 1 1 1 1
c d 8 9 g h 4 5 c d 8 9 g h 4 5 c d @ I I I I I I I I P g h c d 4 5 g h c d 8 9 c d g h 1 1 1 1
2 3 a b 6 7 e f 2 3 a b 6 7 a b 2 3 v I I I I I I I I q a b 2 3 a b 6 7 e f a b 6 7 2 3 6 7 1 1
4 5 c d 8 9 g h 4 5 c d 8 9 c d 4 5 w I I I I I I I I r c d 4 5 c d 8 9 g h c d 8 9 4 5 8 9 1 1
6 7 e f 2 3 a b 6 7 e f a b 6 7 e f @ I I I I I I I I P a b 6 7 e f 2 3 a b 6 7 e f a b 2 3 a b
8 9 g h 4 5 c d 8 9 g h c d 8 9 g h v I I I I I I I I q c d 8 9 g h 4 5 c d 8 9 g h c d 4 5 c d
a b 6 7 e f 2 3 a b 6 7 e f 2 3 a b w I I I I I I I I r e f 2 3 a b 6 7 e f a b 6 7 2 3 a b 6 7
c d 8 9 g h 4 5 c d 8 9 g h 4 5 c d @ I I I I I I I I P g h 4 5 c d 8 9 g h c d 8 9 4 5 c d 8 9
2 3 a b 6 7 e f 2 3 a b 6 7 a b 2 3 v I I I I I I I I q a b 6 7 e f 2 3 a b 6 7 e f a b e f 2 3
4 5 c d 8 9 g h 4 5 c d 8 9 c d 4 5 w I I I I I I I I r c d 8 9 g h 4 5 c d 8 9 g h c d g h 4 5
e f 2 3 e f 2 3 a b 6 7 v ] L M N L ! I I I I I I I I S M N L M N L M N L M N L M N [ q a b 6 7
g h 4 5 c d 8 9 c d 8 9 w I I I I I I I I I I I I I I I I I I I I I I I I I I I I I I r c d 8 9
2 3 a b 6 7 e f e f 2 3 @ I I I I I I I I I I I I I I I I I I I I I I I I I I I I I I P 2 3 e f
4 5 c d 8 9 g h g h 4 5 v I I I I I I I I I I I I I I I I I I I I I I I I I I I I I I q 4 5 g h
a b 6 7 e f 2 3 a b 6 7 w I I I I I I I I I I I I I I I I I I I I I I I I I I I I I I r e f 2 3
c d 8 9 g h 4 5 c d 8 9 @ I I I I I I I I I I I I I I I I I I I I I I I I I I I I I I P g h 4 5
e f 2 3 a b 6 7 e f 2 3 v I I I I I I I I I I I I I I I I I I I I I I I I I I I I I I q 6 7 a b
g h 4 5 c d 8 9 g h 4 5 w I I I I I I I I I I I I I I I I I I I I I I I I I I I I I I r 8 9 c d
2 3 a b 6 7 e f 2 3 a b @ I I I I I I I I I I I I I I I I I I I I I I I I I I I I I I P a b 6 7
4 5 c d 8 9 g h 4 5 c d v I I I I I I I I I I I I I I I I I I I I I I I I I I I I I I q c d 8 9
a b 6 7 e f 2 3 a b 6 7 w I I I I I I I I I I I I I I I I I I I I I I I I I I I I I I r 2 3 e f
c d 8 9 g h 4 5 c d 8 9 @ I I I I I I I I I I I I I I I I I I I I I I I I I I I I I I P 4 5 g h
2 3 a b 6 7 e f e f 2 3 v I I I I I I I I I I I I I I I I I I I I I I I I I I I I I I q e f 6 7
4 5 c d 8 9 g h g h 4 5 w I I I I I I I I I I I I I I I I I I I I I I I I I I I I I I r g h 8 9
e f 2 3 a b 6 7 2 3 a b @ I I I I I I I I I I I I I I I I I I I I I I I I I I I I I I P 6 7 a b
g h 4 5 c d 8 9 4 5 c d v I I I I I I I I I I I I I I I I I I I I I I I I I I I I I I q 8 9 c d
a b 6 7 e f 2 3 a b 6 7 w I I I I I I I I I I I I I I I I I I I I I I I I I I I I I I r a b 2 3
c d 8 9 g h 4 5 c d 8 9 @ I I I I I I I I I I I I I I I I I I I I I I I I I I I I I I P c d 4 5
2 3 a b 6 7 e f 2 3 a b v I I I I I I I I I I I I I I I I I I I I I I I I I I I I I I q 2 3 a b
4 5 c d 8 9 g h 4 5 c d w I I I I O i j k i j k T I I I I I I I O i j k i j k T I I I r 4 5 c d
e f 2 3 a b 6 7 e f 2 3 < I I I I > 6 7 2 3 a b < I I I I I I I > e f a b 6 7 < I I I > e f 6 7
g h 4 5 c d 8 9 g h 4 5 v z z z z q 8 9 4 5 c d v z z z z z z z q g h c d 8 9 v z z z q g h 8 9
2 3 a b 6 7 e f a b 6 7 w z z z z r e f 6 7 e f w z z z z z z z r 6 7 2 3 a b w z z z r 6 7 a b
4 5 c d 8 9 g h c d 8 9 < z z z z > g h 8 9 g h < z z z z z z z > 8 9 4 5 c d < z z z > 8 9 c d